main function declared multiple times(5:14)
on_move function declared multiple times(5:14)
Multiple functions declared with the same name (2:0): f1
Multiple functions declared with the same name (4:0): f2